[
    {
        "agents": [
            {
                "id": 0,
                "partyId": 0
            },
            {
                "id": 1,
                "partyId": 3
            }
        ],
        "coalitions": [],
        "edges": [
            {
                "from": 0,
                "to": 1,
                "weight": 4
            },
            {
                "from": 0,
                "to": 2,
                "weight": 5
            },
            {
                "from": 0,
                "to": 3,
                "weight": 6
            },
            {
                "from": 1,
                "to": 0,
                "weight": 4
            },
            {
                "from": 1,
                "to": 2,
                "weight": 7
            },
            {
                "from": 1,
                "to": 3,
                "weight": 5
            },
            {
                "from": 2,
                "to": 0,
                "weight": 5
            },
            {
                "from": 2,
                "to": 1,
                "weight": 7
            },
            {
                "from": 2,
                "to": 3,
                "weight": 4
            },
            {
                "from": 3,
                "to": 0,
                "weight": 6
            },
            {
                "from": 3,
                "to": 1,
                "weight": 5
            },
            {
                "from": 3,
                "to": 2,
                "weight": 4
            }
        ],
        "parties": [
            {
                "id": 0,
                "mandates": 30,
                "name": "McLaren's",
                "state": "Joined"
            },
            {
                "id": 1,
                "mandates": 30,
                "name": "Central Perk",
                "state": "Waiting"
            },
            {
                "id": 2,
                "mandates": 30,
                "name": "Ba Sing Se",
                "state": "Waiting"
            },
            {
                "id": 3,
                "mandates": 30,
                "name": "The Krusty Krab",
                "state": "Joined"
            }
        ]
    }
]
